Difference between GIT and Git hub?

        GIT                                             Githuba
1. Git is a Software							1. Git is a service

2. Git is maintaing by Linux                    2. Git hub is maintaingcby Microsoft

3. Installing locally on the system             3. is installed on the web

4. Focused on version control and code sharing  4. It is focused on centralized source code hosting

5. was released 2005                            5. was launched in 2008

6. has no user management feature               6. has a built- in user management feature.

==============================================================================================================================================================================================

Code push commands:
========================

Microsoft Windows [Version 10.0.19045.3208]
(c) Microsoft Corporation. All rights reserved.

C:\Users\vamsikrishna\Desktop\New folder (2)\Azure>git status
On branch master

No commits yet

nothing to commit (create/copy files and use "git add" to track)

C:\Users\vamsikrishna\Desktop\New folder (2)\Azure>git status
On branch master

No commits yet

Untracked files:
  (use "git add <file>..." to include in what will be committed)
        Interduction.txt

nothing added to commit but untracked files present (use "git add" to track)

C:\Users\vamsikrishna\Desktop\New folder (2)\Azure>git add
Nothing specified, nothing added.
hint: Maybe you wanted to say 'git add .'?
hint: Turn this message off by running
hint: "git config advice.addEmptyPathspec false"

C:\Users\vamsikrishna\Desktop\New folder (2)\Azure>git add Interduction.txt

C:\Users\vamsikrishna\Desktop\New folder (2)\Azure>git commit -m "Inter"
[master (root-commit) b384773] Inter
 1 file changed, 147 insertions(+)
 create mode 100644 Interduction.txt

C:\Users\vamsikrishna\Desktop\New folder (2)\Azure>git push
Enumerating objects: 3, done.
Counting objects: 100% (3/3), done.
Delta compression using up to 8 threads
Compressing objects: 100% (2/2), done.
Writing objects: 100% (3/3), 3.27 KiB | 3.27 MiB/s, done.
Total 3 (delta 0), reused 0 (delta 0), pack-reused 0
To https://github.com/vamsisaimanikrishnaserma/Azure.git
 * [new branch]      master -> master

C:\Users\vamsikrishna\Desktop\New folder (2)\Azure>git status
On branch master
Your branch is up to date with 'origin/master'.

nothing to commit, working tree clean

C:\Users\vamsikrishna\Desktop\New folder (2)\Azure>
==============================================================================================================================================================

Microsoft Windows [Version 10.0.19045.3208]
(c) Microsoft Corporation. All rights reserved.

C:\Users\vamsikrishna\Documents\New folder\Interview preparation>git clone https://github.com/vamsisaimanikrishnaserma/AzureActiveDirectorypersonalfiles.git
Cloning into 'AzureActiveDirectorypersonalfiles'...
remote: Enumerating objects: 3, done.
remote: Counting objects: 100% (3/3), done.
remote: Total 3 (delta 0), reused 0 (delta 0), pack-reused 0
Receiving objects: 100% (3/3), done.

C:\Users\vamsikrishna\Documents\New folder\Interview preparation>git status
fatal: not a git repository (or any of the parent directories): .git

C:\Users\vamsikrishna\Documents\New folder\Interview preparation>cd AzureActiveDirectorypersonalfiles

C:\Users\vamsikrishna\Documents\New folder\Interview preparation\AzureActiveDirectorypersonalfiles>git status
On branch master
Your branch is up to date with 'origin/master'.

Untracked files:
  (use "git add <file>..." to include in what will be committed)
        Interduction.txt
        Interview Questions 1.txt
        Interview questions.txt
        Manual Testing.txt
        Microsoft project.txt
        SQL.txt
        code.txt
        new 1.txt
        xpath.txt

nothing added to commit but untracked files present (use "git add" to track)

C:\Users\vamsikrishna\Documents\New folder\Interview preparation\AzureActiveDirectorypersonalfiles>git add xpath.txt

C:\Users\vamsikrishna\Documents\New folder\Interview preparation\AzureActiveDirectorypersonalfiles>git status
On branch master
Your branch is up to date with 'origin/master'.

Changes to be committed:
  (use "git restore --staged <file>..." to unstage)
        new file:   xpath.txt

Untracked files:
  (use "git add <file>..." to include in what will be committed)
        Interduction.txt
        Interview Questions 1.txt
        Interview questions.txt
        Manual Testing.txt
        Microsoft project.txt
        SQL.txt
        code.txt
        new 1.txt


C:\Users\vamsikrishna\Documents\New folder\Interview preparation\AzureActiveDirectorypersonalfiles>git commit -m "message"
Author identity unknown

*** Please tell me who you are.

Run

  git config --global user.email "you@example.com"
  git config --global user.name "Your Name"

to set your account's default identity.
Omit --global to set the identity only in this repository.

fatal: unable to auto-detect email address (got 'vamsikrishna@DESKTOP-1PCRS90.(none)')

C:\Users\vamsikrishna\Documents\New folder\Interview preparation\AzureActiveDirectorypersonalfiles>git config --global user.email "vamskrishnak05@gmail.com"

C:\Users\vamsikrishna\Documents\New folder\Interview preparation\AzureActiveDirectorypersonalfiles>git config --global user.name "Vamsi"

C:\Users\vamsikrishna\Documents\New folder\Interview preparation\AzureActiveDirectorypersonalfiles>git commit -m "message"
[master dfcdd68] message
 1 file changed, 233 insertions(+)
 create mode 100644 xpath.txt

C:\Users\vamsikrishna\Documents\New folder\Interview preparation\AzureActiveDirectorypersonalfiles>git push
info: please complete authentication in your browser...
Enumerating objects: 4, done.
Counting objects: 100% (4/4), done.
Delta compression using up to 8 threads
Compressing objects: 100% (3/3), done.
Writing objects: 100% (3/3), 1.96 KiB | 1004.00 KiB/s, done.
Total 3 (delta 0), reused 0 (delta 0), pack-reused 0
To https://github.com/vamsisaimanikrishnaserma/AzureActiveDirectorypersonalfiles.git
   51c0649..dfcdd68  master -> master

C:\Users\vamsikrishna\Documents\New folder\Interview preparation\AzureActiveDirectorypersonalfiles>git status
On branch master
Your branch is up to date with 'origin/master'.

Untracked files:
  (use "git add <file>..." to include in what will be committed)
        Interduction.txt
        Interview Questions 1.txt
        Interview questions.txt
        Manual Testing.txt
        Microsoft project.txt
        SQL.txt
        code.txt
        new 1.txt

nothing added to commit but untracked files present (use "git add" to track)

C:\Users\vamsikrishna\Documents\New folder\Interview preparation\AzureActiveDirectorypersonalfiles>git add
Nothing specified, nothing added.
hint: Maybe you wanted to say 'git add .'?
hint: Turn this message off by running
hint: "git config advice.addEmptyPathspec false"

C:\Users\vamsikrishna\Documents\New folder\Interview preparation\AzureActiveDirectorypersonalfiles>git add Interduction.txt

C:\Users\vamsikrishna\Documents\New folder\Interview preparation\AzureActiveDirectorypersonalfiles>git status
On branch master
Your branch is up to date with 'origin/master'.

Changes to be committed:
  (use "git restore --staged <file>..." to unstage)
        new file:   Interduction.txt

Untracked files:
  (use "git add <file>..." to include in what will be committed)
        Interview Questions 1.txt
        Interview questions.txt
        Manual Testing.txt
        Microsoft project.txt
        SQL.txt
        code.txt
        new 1.txt


C:\Users\vamsikrishna\Documents\New folder\Interview preparation\AzureActiveDirectorypersonalfiles>git push
Everything up-to-date

C:\Users\vamsikrishna\Documents\New folder\Interview preparation\AzureActiveDirectorypersonalfiles>git commit
Aborting commit due to empty commit message.

C:\Users\vamsikrishna\Documents\New folder\Interview preparation\AzureActiveDirectorypersonalfiles>git message
git: 'message' is not a git command. See 'git --help'.

C:\Users\vamsikrishna\Documents\New folder\Interview preparation\AzureActiveDirectorypersonalfiles>git commit -m "Interduction"
[master d7bd31e] Interduction
 1 file changed, 147 insertions(+)
 create mode 100644 Interduction.txt

C:\Users\vamsikrishna\Documents\New folder\Interview preparation\AzureActiveDirectorypersonalfiles>git push
Enumerating objects: 4, done.
Counting objects: 100% (4/4), done.
Delta compression using up to 8 threads
Compressing objects: 100% (3/3), done.
Writing objects: 100% (3/3), 3.37 KiB | 3.37 MiB/s, done.
Total 3 (delta 0), reused 0 (delta 0), pack-reused 0
To https://github.com/vamsisaimanikrishnaserma/AzureActiveDirectorypersonalfiles.git
   dfcdd68..d7bd31e  master -> master

C:\Users\vamsikrishna\Documents\New folder\Interview preparation\AzureActiveDirectorypersonalfiles>git status
On branch master
Your branch is up to date with 'origin/master'.

Untracked files:
  (use "git add <file>..." to include in what will be committed)
        Interview Questions 1.txt
        Interview questions.txt
        Manual Testing.txt
        Microsoft project.txt
        SQL.txt
        code.txt
        new 1.txt

nothing added to commit but untracked files present (use "git add" to track)

C:\Users\vamsikrishna\Documents\New folder\Interview preparation\AzureActiveDirectorypersonalfiles>git add
Nothing specified, nothing added.
hint: Maybe you wanted to say 'git add .'?
hint: Turn this message off by running
hint: "git config advice.addEmptyPathspec false"

C:\Users\vamsikrishna\Documents\New folder\Interview preparation\AzureActiveDirectorypersonalfiles>git add SQL.txt

C:\Users\vamsikrishna\Documents\New folder\Interview preparation\AzureActiveDirectorypersonalfiles>git status
On branch master
Your branch is up to date with 'origin/master'.

Changes to be committed:
  (use "git restore --staged <file>..." to unstage)
        new file:   SQL.txt

Untracked files:
  (use "git add <file>..." to include in what will be committed)
        Interview Questions 1.txt
        Interview questions.txt
        Manual Testing.txt
        Microsoft project.txt
        code.txt
        new 1.txt


C:\Users\vamsikrishna\Documents\New folder\Interview preparation\AzureActiveDirectorypersonalfiles>git commit -m "SQL.txt""
[master 5010ffc] SQL.txt"
 1 file changed, 211 insertions(+)
 create mode 100644 SQL.txt

C:\Users\vamsikrishna\Documents\New folder\Interview preparation\AzureActiveDirectorypersonalfiles>git push
Enumerating objects: 4, done.
Counting objects: 100% (4/4), done.
Delta compression using up to 8 threads
Compressing objects: 100% (3/3), done.
Writing objects: 100% (3/3), 2.72 KiB | 2.72 MiB/s, done.
Total 3 (delta 1), reused 0 (delta 0), pack-reused 0
remote: Resolving deltas: 100% (1/1), completed with 1 local object.
To https://github.com/vamsisaimanikrishnaserma/AzureActiveDirectorypersonalfiles.git
   d7bd31e..5010ffc  master -> master

C:\Users\vamsikrishna\Documents\New folder\Interview preparation\AzureActiveDirectorypersonalfiles>git status
On branch master
Your branch is up to date with 'origin/master'.

Untracked files:
  (use "git add <file>..." to include in what will be committed)
        Interview Questions 1.txt
        Interview questions.txt
        Manual Testing.txt
        Microsoft project.txt
        code.txt
        new 1.txt

nothing added to commit but untracked files present (use "git add" to track)

C:\Users\vamsikrishna\Documents\New folder\Interview preparation\AzureActiveDirectorypersonalfiles>git add .

C:\Users\vamsikrishna\Documents\New folder\Interview preparation\AzureActiveDirectorypersonalfiles>git status
On branch master
Your branch is up to date with 'origin/master'.

Changes to be committed:
  (use "git restore --staged <file>..." to unstage)
        new file:   Interview Questions 1.txt
        new file:   Interview questions.txt
        new file:   Manual Testing.txt
        new file:   Microsoft project.txt
        new file:   code.txt
        new file:   new 1.txt


C:\Users\vamsikrishna\Documents\New folder\Interview preparation\AzureActiveDirectorypersonalfiles>git commit -m "interview files"
[master 706fc9b] interview files
 6 files changed, 1709 insertions(+)
 create mode 100644 Interview Questions 1.txt
 create mode 100644 Interview questions.txt
 create mode 100644 Manual Testing.txt
 create mode 100644 Microsoft project.txt
 create mode 100644 code.txt
 create mode 100644 new 1.txt

C:\Users\vamsikrishna\Documents\New folder\Interview preparation\AzureActiveDirectorypersonalfiles>git push
Enumerating objects: 9, done.
Counting objects: 100% (9/9), done.
Delta compression using up to 8 threads
Compressing objects: 100% (8/8), done.
Writing objects: 100% (8/8), 22.91 KiB | 5.73 MiB/s, done.
Total 8 (delta 1), reused 0 (delta 0), pack-reused 0
remote: Resolving deltas: 100% (1/1), done.
To https://github.com/vamsisaimanikrishnaserma/AzureActiveDirectorypersonalfiles.git
   5010ffc..706fc9b  master -> master

C:\Users\vamsikrishna\Documents\New folder\Interview preparation\AzureActiveDirectorypersonalfiles>git staus
git: 'staus' is not a git command. See 'git --help'.

The most similar command is
        status

C:\Users\vamsikrishna\Documents\New folder\Interview preparation\AzureActiveDirectorypersonalfiles>
=================================================================================================================================================================
Microsoft Windows [Version 10.0.19045.3208]
(c) Microsoft Corporation. All rights reserved.

C:\Users\vamsikrishna\Desktop\New folder (2)\Azure>git status
On branch master

No commits yet

nothing to commit (create/copy files and use "git add" to track)

C:\Users\vamsikrishna\Desktop\New folder (2)\Azure>git status
On branch master

No commits yet

Untracked files:
  (use "git add <file>..." to include in what will be committed)
        Interduction.txt

nothing added to commit but untracked files present (use "git add" to track)

C:\Users\vamsikrishna\Desktop\New folder (2)\Azure>git add
Nothing specified, nothing added.
hint: Maybe you wanted to say 'git add .'?
hint: Turn this message off by running
hint: "git config advice.addEmptyPathspec false"

C:\Users\vamsikrishna\Desktop\New folder (2)\Azure>git add Interduction.txt

C:\Users\vamsikrishna\Desktop\New folder (2)\Azure>git commit -m "Inter"
[master (root-commit) b384773] Inter
 1 file changed, 147 insertions(+)
 create mode 100644 Interduction.txt

C:\Users\vamsikrishna\Desktop\New folder (2)\Azure>git push
Enumerating objects: 3, done.
Counting objects: 100% (3/3), done.
Delta compression using up to 8 threads
Compressing objects: 100% (2/2), done.
Writing objects: 100% (3/3), 3.27 KiB | 3.27 MiB/s, done.
Total 3 (delta 0), reused 0 (delta 0), pack-reused 0
To https://github.com/vamsisaimanikrishnaserma/Azure.git
 * [new branch]      master -> master

C:\Users\vamsikrishna\Desktop\New folder (2)\Azure>git status
On branch master
Your branch is up to date with 'origin/master'.

nothing to commit, working tree clean

C:\Users\vamsikrishna\Desktop\New folder (2)\Azure>
========================================================================================================================================================================================
Branch shifted:

Microsoft Windows [Version 10.0.19045.3208]
(c) Microsoft Corporation. All rights reserved.

C:\Users\vamsikrishna\Desktop\New folder (2)\Azure>git branch
* master

C:\Users\vamsikrishna\Desktop\New folder (2)\Azure>git checkout -b test
Switched to a new branch 'test'

C:\Users\vamsikrishna\Desktop\New folder (2)\Azure>git branch
  master
* test

C:\Users\vamsikrishna\Desktop\New folder (2)\Azure>git status
On branch test
nothing to commit, working tree clean

C:\Users\vamsikrishna\Desktop\New folder (2)\Azure>git checkout -b master
fatal: a branch named 'master' already exists

C:\Users\vamsikrishna\Desktop\New folder (2)\Azure>git branch
  master
* test

C:\Users\vamsikrishna\Desktop\New folder (2)\Azure>git checkout master
Switched to branch 'master'
Your branch is up to date with 'origin/master'.

C:\Users\vamsikrishna\Desktop\New folder (2)\Azure>git status
On branch master
Your branch is up to date with 'origin/master'.

nothing to commit, working tree clean

C:\Users\vamsikrishna\Desktop\New folder (2)\Azure>git checkout test
Switched to branch 'test'

C:\Users\vamsikrishna\Desktop\New folder (2)\Azure>git status
On branch test
Untracked files:
  (use "git add <file>..." to include in what will be committed)
        Java.txt

nothing added to commit but untracked files present (use "git add" to track)

C:\Users\vamsikrishna\Desktop\New folder (2)\Azure>git add
Nothing specified, nothing added.
hint: Maybe you wanted to say 'git add .'?
hint: Turn this message off by running
hint: "git config advice.addEmptyPathspec false"

C:\Users\vamsikrishna\Desktop\New folder (2)\Azure>git add Java.txt

C:\Users\vamsikrishna\Desktop\New folder (2)\Azure>git commit -m "java"
[test fd6ff99] java
 1 file changed, 466 insertions(+)
 create mode 100644 Java.txt

C:\Users\vamsikrishna\Desktop\New folder (2)\Azure>git push
fatal: The current branch test has no upstream branch.
To push the current branch and set the remote as upstream, use

    git push --set-upstream origin test

To have this happen automatically for branches without a tracking
upstream, see 'push.autoSetupRemote' in 'git help config'.


C:\Users\vamsikrishna\Desktop\New folder (2)\Azure>git push --set-upstream origin test
Enumerating objects: 4, done.
Counting objects: 100% (4/4), done.
Delta compression using up to 8 threads
Compressing objects: 100% (3/3), done.
Writing objects: 100% (3/3), 5.01 KiB | 5.01 MiB/s, done.
Total 3 (delta 0), reused 0 (delta 0), pack-reused 0
To https://github.com/vamsisaimanikrishnaserma/Azure.git
   b384773..fd6ff99  test -> test
branch 'test' set up to track 'origin/test'.

C:\Users\vamsikrishna\Desktop\New folder (2)\Azure>git status
On branch test
Your branch is up to date with 'origin/test'.

nothing to commit, working tree clean

C:\Users\vamsikrishna\Desktop\New folder (2)\Azure>
